original query: dinosaur
enhanced query: dinosaur
results from rrf_search by score:
1. Jurassic Park
2. A Sound of Thunder
3. Carnosaur
4. Anonymous Rex
5. Ice Age: Dawn of the Dinosaurs
6. The Crater Lake Monster
7. The Good Dinosaur
8. The Land Before Time XI: Invasion of the Tinysauruses
9. The Wizard
10. Lost River
11. Bringing Up Baby
12. A Claymation Christmas Celebration
13. When Dinosaurs Ruled the Earth
14. The Flintstones in Viva Rock Vegas
15. Dinocroc
16. Jeom-bak-i: Han-ban-do-eui Gong-ryong 3D
17. King Kong
18. Star Fox: Assault
19. Reign of Fire
20. The Land Before Time VII: The Stone of Cold Fire
21. Pee-wee's Big Adventure
22. Gojira tai Megagirasu: J\u00ee sh\u00f4metsu sakusen
23. Autism: The Musical
24. Digimon: The Movie
25. Littleman
results from re-rank: cross_encoder by score:
1. Jurassic Park
results from re-rank: cross_encoder by score:
2. Anonymous Rex
results from re-rank: cross_encoder by score:
3. A Sound of Thunder
results from re-rank: cross_encoder by score:
4. Carnosaur
results from re-rank: cross_encoder by score:
5. Lektionen in Finsternis
original query: family movie about bears in the woods
enhanced query: family movie about bears in the woods
results from rrf_search by score:
1. Bugs Bunny and the Three Bears
2. The Berenstain Bears' Christmas Tree
3. Care Bears Movie II: A New Generation
4. Paddington
5. Monsters in the Woods
6. Care Bears Nutcracker Suite
7. An Unfinished Life
8. The Country Bears
9. The Bear
10. Alaska
11. The Great Outdoors
12. A Bear for Punishment
13. Black Point
14. Tuck Everlasting
15. Grizzly Man
16. Legends of the Fall
17. The Care Bears Movie
18. The Great Bear
19. Batman & Mr. Freeze: SubZero
20. Brother Bear
21. Camp Lazlo: Where's Lazlo?
22. Sing
23. The Final
24. Claws
25. Destricted
original query: family movie about bears in the woods
enhanced query: family movie about bears in the woods
results from rrf_search by score:
1. Bugs Bunny and the Three Bears
2. The Berenstain Bears' Christmas Tree
3. Care Bears Movie II: A New Generation
4. Paddington
5. Monsters in the Woods
6. Care Bears Nutcracker Suite
7. An Unfinished Life
8. The Country Bears
9. The Bear
10. Alaska
11. The Great Outdoors
12. A Bear for Punishment
13. Black Point
14. Tuck Everlasting
15. Grizzly Man
16. Legends of the Fall
17. The Care Bears Movie
18. The Great Bear
19. Batman & Mr. Freeze: SubZero
20. Brother Bear
21. Camp Lazlo: Where's Lazlo?
22. Sing
23. The Final
24. Claws
25. Destricted
original query: family movie about bears in the woods
enhanced query: family movie about bears in the woods
results from rrf_search by score:
1. Bugs Bunny and the Three Bears
2. The Berenstain Bears' Christmas Tree
3. Care Bears Movie II: A New Generation
4. Paddington
5. Monsters in the Woods
6. Care Bears Nutcracker Suite
7. An Unfinished Life
8. The Country Bears
9. The Bear
10. Alaska
11. The Great Outdoors
12. A Bear for Punishment
13. Black Point
14. Tuck Everlasting
15. Grizzly Man
16. Legends of the Fall
17. The Care Bears Movie
18. The Great Bear
19. Batman & Mr. Freeze: SubZero
20. Brother Bear
21. Camp Lazlo: Where's Lazlo?
22. Sing
23. The Final
24. Claws
25. Destricted
original query: family movie about bears in the woods
enhanced query: family movie about bears in the woods
results from rrf_search by score:
1. Bugs Bunny and the Three Bears
2. The Berenstain Bears' Christmas Tree
3. Care Bears Movie II: A New Generation
4. Paddington
5. Monsters in the Woods
6. Care Bears Nutcracker Suite
7. An Unfinished Life
8. The Country Bears
9. The Bear
10. Alaska
11. The Great Outdoors
12. A Bear for Punishment
13. Black Point
14. Tuck Everlasting
15. Grizzly Man
16. Legends of the Fall
17. The Care Bears Movie
18. The Great Bear
19. Batman & Mr. Freeze: SubZero
20. Brother Bear
21. Camp Lazlo: Where's Lazlo?
22. Sing
23. The Final
24. Claws
25. Destricted
original query: family movie about bears in the woods
enhanced query: family movie about bears in the woods
results from rrf_search by score:
1. Bugs Bunny and the Three Bears
2. The Berenstain Bears' Christmas Tree
3. Care Bears Movie II: A New Generation
4. Paddington
5. Monsters in the Woods
6. Care Bears Nutcracker Suite
7. An Unfinished Life
8. The Country Bears
9. The Bear
10. Alaska
11. The Great Outdoors
12. A Bear for Punishment
13. Black Point
14. Tuck Everlasting
15. Grizzly Man
16. Legends of the Fall
17. The Care Bears Movie
18. The Great Bear
19. Batman & Mr. Freeze: SubZero
20. Brother Bear
21. Camp Lazlo: Where's Lazlo?
22. Sing
23. The Final
24. Claws
25. Destricted
original query: family movie about bears in the woods
enhanced query: family movie about bears in the woods
results from rrf_search by score:
1. Bugs Bunny and the Three Bears
2. The Berenstain Bears' Christmas Tree
3. Care Bears Movie II: A New Generation
4. Paddington
5. Monsters in the Woods
6. Care Bears Nutcracker Suite
7. An Unfinished Life
8. The Country Bears
9. The Bear
10. Alaska
11. The Great Outdoors
12. A Bear for Punishment
13. Black Point
14. Tuck Everlasting
15. Grizzly Man
16. Legends of the Fall
17. The Care Bears Movie
18. The Great Bear
19. Batman & Mr. Freeze: SubZero
20. Brother Bear
21. Camp Lazlo: Where's Lazlo?
22. Sing
23. The Final
24. Claws
25. Destricted
original query: family movie about bears in the woods
enhanced query: family movie about bears in the woods
results from rrf_search by score:
1. Bugs Bunny and the Three Bears
2. The Berenstain Bears' Christmas Tree
3. Care Bears Movie II: A New Generation
4. Paddington
5. Monsters in the Woods
6. Care Bears Nutcracker Suite
7. An Unfinished Life
8. The Country Bears
9. The Bear
10. Alaska
11. The Great Outdoors
12. A Bear for Punishment
13. Black Point
14. Tuck Everlasting
15. Grizzly Man
16. Legends of the Fall
17. The Care Bears Movie
18. The Great Bear
19. Batman & Mr. Freeze: SubZero
20. Brother Bear
21. Camp Lazlo: Where's Lazlo?
22. Sing
23. The Final
24. Claws
25. Destricted
original query: family movie about bears in the woods
enhanced query: family movie about bears in the woods
results from rrf_search by score:
1. Bugs Bunny and the Three Bears
2. The Berenstain Bears' Christmas Tree
3. Care Bears Movie II: A New Generation
4. Paddington
5. Monsters in the Woods
6. Care Bears Nutcracker Suite
7. An Unfinished Life
8. The Country Bears
9. The Bear
10. Alaska
11. The Great Outdoors
12. A Bear for Punishment
13. Black Point
14. Tuck Everlasting
15. Grizzly Man
16. Legends of the Fall
17. The Care Bears Movie
18. The Great Bear
19. Batman & Mr. Freeze: SubZero
20. Brother Bear
21. Camp Lazlo: Where's Lazlo?
22. Sing
23. The Final
24. Claws
25. Destricted
original query: family movie about bears in the woods
enhanced query: family movie about bears in the woods
results from rrf_search by score:
1. Bugs Bunny and the Three Bears
2. The Berenstain Bears' Christmas Tree
3. Care Bears Movie II: A New Generation
4. Paddington
5. Monsters in the Woods
6. Care Bears Nutcracker Suite
7. An Unfinished Life
8. The Country Bears
9. The Bear
10. Alaska
11. The Great Outdoors
12. A Bear for Punishment
13. Black Point
14. Tuck Everlasting
15. Grizzly Man
16. Legends of the Fall
17. The Care Bears Movie
18. The Great Bear
19. Batman & Mr. Freeze: SubZero
20. Brother Bear
21. Camp Lazlo: Where's Lazlo?
22. Sing
23. The Final
24. Claws
25. Destricted
original query: family movie about bears in the woods
enhanced query: family movie about bears in the woods
results from rrf_search by score:
1. Bugs Bunny and the Three Bears
2. The Berenstain Bears' Christmas Tree
3. Care Bears Movie II: A New Generation
4. Paddington
5. Monsters in the Woods
6. Care Bears Nutcracker Suite
7. An Unfinished Life
8. The Country Bears
9. The Bear
10. Alaska
11. The Great Outdoors
12. A Bear for Punishment
13. Black Point
14. Tuck Everlasting
15. Grizzly Man
16. Legends of the Fall
17. The Care Bears Movie
18. The Great Bear
19. Batman & Mr. Freeze: SubZero
20. Brother Bear
21. Camp Lazlo: Where's Lazlo?
22. Sing
23. The Final
24. Claws
25. Destricted
original query: family movie about bears in the woods
enhanced query: family movie about bears in the woods
results from rrf_search by score:
1. Bugs Bunny and the Three Bears
2. The Berenstain Bears' Christmas Tree
3. Care Bears Movie II: A New Generation
4. Paddington
5. Monsters in the Woods
6. Care Bears Nutcracker Suite
7. An Unfinished Life
8. The Country Bears
9. The Bear
10. Alaska
11. The Great Outdoors
12. A Bear for Punishment
13. Black Point
14. Tuck Everlasting
15. Grizzly Man
16. Legends of the Fall
17. The Care Bears Movie
18. The Great Bear
19. Batman & Mr. Freeze: SubZero
20. Brother Bear
21. Camp Lazlo: Where's Lazlo?
22. Sing
23. The Final
24. Claws
25. Destricted
original query: family movie about bears in the woods
enhanced query: family movie about bears in the woods
results from rrf_search by score:
1. Bugs Bunny and the Three Bears
2. The Berenstain Bears' Christmas Tree
3. Care Bears Movie II: A New Generation
4. Paddington
5. Monsters in the Woods
6. Care Bears Nutcracker Suite
7. An Unfinished Life
8. The Country Bears
9. The Bear
10. Alaska
11. The Great Outdoors
12. A Bear for Punishment
13. Black Point
14. Tuck Everlasting
15. Grizzly Man
16. Legends of the Fall
17. The Care Bears Movie
18. The Great Bear
19. Batman & Mr. Freeze: SubZero
20. Brother Bear
21. Camp Lazlo: Where's Lazlo?
22. Sing
23. The Final
24. Claws
25. Destricted
original query: movies about action and dinosaurs
enhanced query: movies about action and dinosaurs
results from rrf_search by score:
1. A Sound of Thunder
2. A Claymation Christmas Celebration
3. The Good Dinosaur
4. The Crater Lake Monster
5. Jurassic Park
6. Lost River
7. King Kong
8. Carnosaur
9. Ice Age: Dawn of the Dinosaurs
10. Destricted
11. The Wizard
12. The Octagon
13. Reign of Fire
14. The Land Before Time XI: Invasion of the Tinysauruses
15. Pee-wee's Big Adventure
16. Anonymous Rex
17. Dinocroc
18. Three the Hard Way
19. When Dinosaurs Ruled the Earth
20. Lego Scooby-Doo!: Haunted Hollywood
21. Movie 43
22. Bacall to Arms
23. Ed Wood
24. Heroes
25. Scooby-Doo! Mask of the Blue Falcon
